2026-04-30 14:52:55,982 - 🚀 Starting Extreme Speed Extraction (CPU Cores: 8)
2026-04-30 14:52:56,048 -   No limit specified. Querying total session count...
2026-04-30 14:52:56,471 -   Calculated limit: 16481
2026-04-30 14:52:56,471 - 🛠️ Checking/Initializing analytics database table...
2026-04-30 14:52:56,478 - 📋 Fetching pending session IDs...
2026-04-30 14:52:56,582 -   Found 16481 sessions to process.
2026-04-30 14:52:56,657 - 
📦 Processing batch 1 (1000 sessions)...
2026-04-30 14:52:56,658 -   📥 Fetching message chunks from DB...
2026-04-30 14:52:57,048 -   ⚡ Extracting semantics with 8 processes...
2026-04-30 14:53:30,798 -   🔍 Fetching user profiles/location data...
2026-04-30 14:53:31,112 -   📤 Saving results to database...
2026-04-30 14:53:31,391 -   ✅ [Session 002j94f4pxrnkg10mbb6d3my10rylcog] {"EDUCATION_QUALITY_RATING": 5, "EDUCATION_QUALITY_RATING_reason": null, "PRINCIPAL_SATISFACTION": 5, "PRINCIPAL_SATISFACTION_reason": null, "CARETAKER_SATISFACTION": 5, "CARETAKER_SATISFACTION_reason": null, "TEACHER_COMMUNICATION_RATING": 5, "TEACHER_COMMUNICATION_RATING_reason": null, "DRINKING_W...
2026-04-30 14:53:31,391 -   📈 Progress: 1000/16481 (6.1%)
2026-04-30 14:53:31,392 - 
📦 Processing batch 2 (1000 sessions)...
2026-04-30 14:53:31,393 -   📥 Fetching message chunks from DB...
2026-04-30 14:53:32,332 -   ⚡ Extracting semantics with 8 processes...
2026-04-30 14:53:40,600 -   🔍 Fetching user profiles/location data...
2026-04-30 14:53:40,698 -   📤 Saving results to database...
2026-04-30 14:53:40,924 -   ✅ [Session 275srbnr3o7mh46ia3q0buv2tiuwyr3o] {"EDUCATION_QUALITY_RATING": 5, "EDUCATION_QUALITY_RATING_reason": null, "PRINCIPAL_SATISFACTION": 4, "PRINCIPAL_SATISFACTION_reason": null, "CARETAKER_SATISFACTION": 5, "CARETAKER_SATISFACTION_reason": null, "TEACHER_COMMUNICATION_RATING": 5, "TEACHER_COMMUNICATION_RATING_reason": null, "DRINKING_W...
2026-04-30 14:53:40,925 -   📈 Progress: 2000/16481 (12.1%)
2026-04-30 14:53:40,925 - 
📦 Processing batch 3 (1000 sessions)...
2026-04-30 14:53:40,925 -   📥 Fetching message chunks from DB...
2026-04-30 14:53:42,037 -   ⚡ Extracting semantics with 8 processes...
2026-04-30 14:53:47,414 -   🔍 Fetching user profiles/location data...
2026-04-30 14:53:47,676 -   📤 Saving results to database...
2026-04-30 14:53:47,899 -   ✅ [Session 4bqahup52sgroposfjb8gista9wd726j] {"EDUCATION_QUALITY_RATING": 5, "EDUCATION_QUALITY_RATING_reason": null, "PRINCIPAL_SATISFACTION": 5, "PRINCIPAL_SATISFACTION_reason": null, "CARETAKER_SATISFACTION": 5, "CARETAKER_SATISFACTION_reason": null, "TEACHER_COMMUNICATION_RATING": 5, "TEACHER_COMMUNICATION_RATING_reason": null, "DRINKING_W...
2026-04-30 14:53:47,899 -   📈 Progress: 3000/16481 (18.2%)
2026-04-30 14:53:47,899 - 
📦 Processing batch 4 (1000 sessions)...
2026-04-30 14:53:47,899 -   📥 Fetching message chunks from DB...
2026-04-30 14:53:48,495 -   ⚡ Extracting semantics with 8 processes...
2026-04-30 14:53:53,798 -   🔍 Fetching user profiles/location data...
2026-04-30 14:53:53,930 -   📤 Saving results to database...
2026-04-30 14:53:54,176 -   ✅ [Session 6jmx5cpb499tiazl417hzvi9cemaleys] {"EDUCATION_QUALITY_RATING": 5, "EDUCATION_QUALITY_RATING_reason": null, "PRINCIPAL_SATISFACTION": 4, "PRINCIPAL_SATISFACTION_reason": null, "CARETAKER_SATISFACTION": 5, "CARETAKER_SATISFACTION_reason": null, "TEACHER_COMMUNICATION_RATING": 4, "TEACHER_COMMUNICATION_RATING_reason": null, "DRINKING_W...
2026-04-30 14:53:54,177 -   📈 Progress: 4000/16481 (24.3%)
2026-04-30 14:53:54,177 - 
📦 Processing batch 5 (1000 sessions)...
2026-04-30 14:53:54,177 -   📥 Fetching message chunks from DB...
2026-04-30 14:53:54,803 -   ⚡ Extracting semantics with 8 processes...
2026-04-30 14:54:03,036 -   🔍 Fetching user profiles/location data...
2026-04-30 14:54:03,374 -   📤 Saving results to database...
2026-04-30 14:54:04,340 -   ✅ [Session 8pyu5tfdeu9pcmwohegzel76jrnygjd3] {"EDUCATION_QUALITY_RATING": 5, "EDUCATION_QUALITY_RATING_reason": null, "PRINCIPAL_SATISFACTION": 5, "PRINCIPAL_SATISFACTION_reason": null, "CARETAKER_SATISFACTION": 5, "CARETAKER_SATISFACTION_reason": null, "TEACHER_COMMUNICATION_RATING": 5, "TEACHER_COMMUNICATION_RATING_reason": null, "DRINKING_W...
2026-04-30 14:54:04,340 -   📈 Progress: 5000/16481 (30.3%)
2026-04-30 14:54:04,340 - 
📦 Processing batch 6 (1000 sessions)...
2026-04-30 14:54:04,340 -   📥 Fetching message chunks from DB...
2026-04-30 14:54:05,085 -   ⚡ Extracting semantics with 8 processes...
2026-04-30 14:54:13,757 -   🔍 Fetching user profiles/location data...
2026-04-30 14:54:14,073 -   📤 Saving results to database...
2026-04-30 14:54:14,369 -   ✅ [Session axgetdfl0nxq3w2e1l8hrsl7ltyamisy] {"EDUCATION_QUALITY_RATING": 5, "EDUCATION_QUALITY_RATING_reason": null, "PRINCIPAL_SATISFACTION": 5, "PRINCIPAL_SATISFACTION_reason": null, "CARETAKER_SATISFACTION": 5, "CARETAKER_SATISFACTION_reason": null, "TEACHER_COMMUNICATION_RATING": 5, "TEACHER_COMMUNICATION_RATING_reason": null, "DRINKING_W...
2026-04-30 14:54:14,369 -   📈 Progress: 6000/16481 (36.4%)
2026-04-30 14:54:14,370 - 
📦 Processing batch 7 (1000 sessions)...
2026-04-30 14:54:14,370 -   📥 Fetching message chunks from DB...
2026-04-30 14:54:15,042 -   ⚡ Extracting semantics with 8 processes...
2026-04-30 14:54:27,131 -   🔍 Fetching user profiles/location data...
2026-04-30 14:54:27,278 -   📤 Saving results to database...
2026-04-30 14:54:27,533 -   ✅ [Session d30g1axohbswpk1nj9wy145pcd4qj7bl] {"EDUCATION_QUALITY_RATING": 5, "EDUCATION_QUALITY_RATING_reason": "I am very satisfied.", "PRINCIPAL_SATISFACTION": 5, "PRINCIPAL_SATISFACTION_reason": "I am very satisfied.", "CARETAKER_SATISFACTION": 5, "CARETAKER_SATISFACTION_reason": "I am very satisfied.", "TEACHER_COMMUNICATION_RATING": null,...
2026-04-30 14:54:27,533 -   📈 Progress: 7000/16481 (42.5%)
2026-04-30 14:54:27,534 - 
📦 Processing batch 8 (1000 sessions)...
2026-04-30 14:54:27,534 -   📥 Fetching message chunks from DB...
2026-04-30 14:54:28,212 -   ⚡ Extracting semantics with 8 processes...
2026-04-30 14:54:36,706 -   🔍 Fetching user profiles/location data...
2026-04-30 14:54:37,002 -   📤 Saving results to database...
2026-04-30 14:54:37,236 -   ✅ [Session f904shasvv8to5osl4v9lev2o1p7uov7] {"EDUCATION_QUALITY_RATING": 5, "EDUCATION_QUALITY_RATING_reason": null, "PRINCIPAL_SATISFACTION": 5, "PRINCIPAL_SATISFACTION_reason": null, "CARETAKER_SATISFACTION": 5, "CARETAKER_SATISFACTION_reason": null, "TEACHER_COMMUNICATION_RATING": 5, "TEACHER_COMMUNICATION_RATING_reason": "cause my teacher...
2026-04-30 14:54:37,236 -   📈 Progress: 8000/16481 (48.5%)
2026-04-30 14:54:37,238 - 
📦 Processing batch 9 (1000 sessions)...
2026-04-30 14:54:37,238 -   📥 Fetching message chunks from DB...
2026-04-30 14:54:38,432 -   ⚡ Extracting semantics with 8 processes...
2026-04-30 14:54:44,485 -   🔍 Fetching user profiles/location data...
2026-04-30 14:54:44,706 -   📤 Saving results to database...
2026-04-30 14:54:45,006 -   ✅ [Session hda44qg91xn4285zqe9neozwc7xye2o6] {"EDUCATION_QUALITY_RATING": 5, "EDUCATION_QUALITY_RATING_reason": null, "PRINCIPAL_SATISFACTION": 5, "PRINCIPAL_SATISFACTION_reason": null, "CARETAKER_SATISFACTION": 5, "CARETAKER_SATISFACTION_reason": null, "TEACHER_COMMUNICATION_RATING": 5, "TEACHER_COMMUNICATION_RATING_reason": null, "DRINKING_W...
2026-04-30 14:54:45,007 -   📈 Progress: 9000/16481 (54.6%)
2026-04-30 14:54:45,007 - 
📦 Processing batch 10 (1000 sessions)...
2026-04-30 14:54:45,007 -   📥 Fetching message chunks from DB...
2026-04-30 14:54:45,581 -   ⚡ Extracting semantics with 8 processes...
2026-04-30 14:54:51,589 -   🔍 Fetching user profiles/location data...
2026-04-30 14:54:51,719 -   📤 Saving results to database...
2026-04-30 14:54:52,115 -   ✅ [Session jm2fom049aoqw5ps9k9a47dpzazpctb3] {"EDUCATION_QUALITY_RATING": 5, "EDUCATION_QUALITY_RATING_reason": null, "PRINCIPAL_SATISFACTION": 5, "PRINCIPAL_SATISFACTION_reason": null, "CARETAKER_SATISFACTION": 4, "CARETAKER_SATISFACTION_reason": null, "TEACHER_COMMUNICATION_RATING": 5, "TEACHER_COMMUNICATION_RATING_reason": null, "DRINKING_W...
2026-04-30 14:54:52,116 -   📈 Progress: 10000/16481 (60.7%)
2026-04-30 14:54:52,116 - 
📦 Processing batch 11 (1000 sessions)...
2026-04-30 14:54:52,116 -   📥 Fetching message chunks from DB...
2026-04-30 14:54:52,685 -   ⚡ Extracting semantics with 8 processes...
2026-04-30 14:54:58,908 -   🔍 Fetching user profiles/location data...
2026-04-30 14:54:59,054 -   📤 Saving results to database...
2026-04-30 14:55:00,096 -   ✅ [Session lmvgiu20hb73nrqfl83u6fedk350z6z1] {"EDUCATION_QUALITY_RATING": 5, "EDUCATION_QUALITY_RATING_reason": null, "PRINCIPAL_SATISFACTION": 5, "PRINCIPAL_SATISFACTION_reason": null, "CARETAKER_SATISFACTION": 5, "CARETAKER_SATISFACTION_reason": null, "TEACHER_COMMUNICATION_RATING": 5, "TEACHER_COMMUNICATION_RATING_reason": null, "DRINKING_W...
2026-04-30 14:55:00,096 -   📈 Progress: 11000/16481 (66.7%)
2026-04-30 14:55:00,096 - 
📦 Processing batch 12 (1000 sessions)...
2026-04-30 14:55:00,096 -   📥 Fetching message chunks from DB...
2026-04-30 14:55:00,625 -   ⚡ Extracting semantics with 8 processes...
2026-04-30 14:55:07,398 -   🔍 Fetching user profiles/location data...
2026-04-30 14:55:07,568 -   📤 Saving results to database...
2026-04-30 14:55:07,820 -   ✅ [Session nvbme2mzawk5r2rg94xoz1hm5x1dc6og] {"EDUCATION_QUALITY_RATING": 1, "EDUCATION_QUALITY_RATING_reason": null, "PRINCIPAL_SATISFACTION": 1, "PRINCIPAL_SATISFACTION_reason": null, "CARETAKER_SATISFACTION": 1, "CARETAKER_SATISFACTION_reason": null, "TEACHER_COMMUNICATION_RATING": 1, "TEACHER_COMMUNICATION_RATING_reason": null, "CLEANLINES...
2026-04-30 14:55:07,821 -   📈 Progress: 12000/16481 (72.8%)
2026-04-30 14:55:07,821 - 
📦 Processing batch 13 (1000 sessions)...
2026-04-30 14:55:07,821 -   📥 Fetching message chunks from DB...
2026-04-30 14:55:08,476 -   ⚡ Extracting semantics with 8 processes...
2026-04-30 14:55:21,112 -   🔍 Fetching user profiles/location data...
2026-04-30 14:55:21,359 -   📤 Saving results to database...
2026-04-30 14:55:21,924 -   ✅ [Session q136owdd54hmoi9zbe7a8fldvpnc3bod] {"EDUCATION_QUALITY_RATING": 5, "EDUCATION_QUALITY_RATING_reason": null, "PRINCIPAL_SATISFACTION": 5, "PRINCIPAL_SATISFACTION_reason": null, "CARETAKER_SATISFACTION": 5, "CARETAKER_SATISFACTION_reason": null, "TEACHER_COMMUNICATION_RATING": 5, "TEACHER_COMMUNICATION_RATING_reason": null, "DRINKING_W...
2026-04-30 14:55:21,924 -   📈 Progress: 13000/16481 (78.9%)
2026-04-30 14:55:21,924 - 
📦 Processing batch 14 (1000 sessions)...
2026-04-30 14:55:21,925 -   📥 Fetching message chunks from DB...
2026-04-30 14:55:22,645 -   ⚡ Extracting semantics with 8 processes...
2026-04-30 14:55:31,015 -   🔍 Fetching user profiles/location data...
2026-04-30 14:55:31,179 -   📤 Saving results to database...
2026-04-30 14:55:31,486 -   ✅ [Session s8y2ow47hz4s82cvo4g6stz4uilt99yt] {"EDUCATION_QUALITY_RATING": 5, "EDUCATION_QUALITY_RATING_reason": null, "PRINCIPAL_SATISFACTION": 5, "PRINCIPAL_SATISFACTION_reason": null, "CARETAKER_SATISFACTION": 5, "CARETAKER_SATISFACTION_reason": null, "TEACHER_COMMUNICATION_RATING": 5, "TEACHER_COMMUNICATION_RATING_reason": null, "DRINKING_W...
2026-04-30 14:55:31,486 -   📈 Progress: 14000/16481 (84.9%)
2026-04-30 14:55:31,486 - 
📦 Processing batch 15 (1000 sessions)...
2026-04-30 14:55:31,486 -   📥 Fetching message chunks from DB...
2026-04-30 14:55:32,849 -   ⚡ Extracting semantics with 8 processes...
2026-04-30 14:55:39,020 -   🔍 Fetching user profiles/location data...
2026-04-30 14:55:39,168 -   📤 Saving results to database...
2026-04-30 14:55:39,418 -   ✅ [Session ugozgv7qcrgpec895oo5728qzzs6tpju] {"EDUCATION_QUALITY_RATING": 5, "EDUCATION_QUALITY_RATING_reason": null, "PRINCIPAL_SATISFACTION": 5, "PRINCIPAL_SATISFACTION_reason": null, "CARETAKER_SATISFACTION": 5, "CARETAKER_SATISFACTION_reason": null, "TEACHER_COMMUNICATION_RATING": 5, "TEACHER_COMMUNICATION_RATING_reason": null, "DRINKING_W...
2026-04-30 14:55:39,418 -   📈 Progress: 15000/16481 (91.0%)
2026-04-30 14:55:39,418 - 
📦 Processing batch 16 (1000 sessions)...
2026-04-30 14:55:39,418 -   📥 Fetching message chunks from DB...
2026-04-30 14:55:39,971 -   ⚡ Extracting semantics with 8 processes...
2026-04-30 14:55:45,568 -   🔍 Fetching user profiles/location data...
2026-04-30 14:55:45,665 -   📤 Saving results to database...
2026-04-30 14:55:45,868 -   ✅ [Session wmwc2okfcwa2nr2ms5sjlyt6myzdnwng] {"EDUCATION_QUALITY_RATING": 5, "EDUCATION_QUALITY_RATING_reason": null, "PRINCIPAL_SATISFACTION": 5, "PRINCIPAL_SATISFACTION_reason": null, "CARETAKER_SATISFACTION": 5, "CARETAKER_SATISFACTION_reason": null, "TEACHER_COMMUNICATION_RATING": 5, "TEACHER_COMMUNICATION_RATING_reason": null, "DRINKING_W...
2026-04-30 14:55:45,868 -   📈 Progress: 16000/16481 (97.1%)
2026-04-30 14:55:45,868 - 
📦 Processing batch 17 (481 sessions)...
2026-04-30 14:55:45,868 -   📥 Fetching message chunks from DB...
2026-04-30 14:55:46,396 -   ⚡ Extracting semantics with 8 processes...
2026-04-30 14:55:49,682 -   🔍 Fetching user profiles/location data...
2026-04-30 14:55:49,766 -   📤 Saving results to database...
2026-04-30 14:55:49,935 -   ✅ [Session ywgs98qbejrhl6i48g66ki6ak2ya85ez] {"EDUCATION_QUALITY_RATING": 5, "EDUCATION_QUALITY_RATING_reason": null, "PRINCIPAL_SATISFACTION": 5, "PRINCIPAL_SATISFACTION_reason": null, "CARETAKER_SATISFACTION": 5, "CARETAKER_SATISFACTION_reason": null, "TEACHER_COMMUNICATION_RATING": 5, "TEACHER_COMMUNICATION_RATING_reason": null, "DRINKING_W...
2026-04-30 14:55:49,936 -   📈 Progress: 16481/16481 (100.0%)
2026-04-30 14:55:53,499 - 
✨ Operation Complete. Processed 16481 sessions.
