2026-04-30 14:49:34,796 - 🚀 Starting Extreme Speed Extraction (CPU Cores: 8)
2026-04-30 14:49:34,851 -   No limit specified. Querying total session count...
2026-04-30 14:49:34,937 -   Calculated limit: 16481
2026-04-30 14:49:34,937 - 🛠️ Checking/Initializing analytics database table...
2026-04-30 14:49:34,940 - 📋 Fetching pending session IDs...
2026-04-30 14:49:34,994 -   Found 1491 sessions to process.
2026-04-30 14:49:35,057 - 
📦 Processing batch 1 (1000 sessions)...
2026-04-30 14:49:35,057 -   📥 Fetching message chunks from DB...
2026-04-30 14:49:35,535 -   ⚡ Extracting semantics with 8 processes...
2026-04-30 14:49:50,947 -   🔍 Fetching user profiles/location data...
2026-04-30 14:49:51,077 -   📤 Saving results to database...
2026-04-30 14:49:51,253 -   ✅ [Session 0a0o0vzky8qvn124z7z6dqbh95r1v9qb] {"EDUCATION_QUALITY_RATING": null, "EDUCATION_QUALITY_RATING_reason": null, "PRINCIPAL_SATISFACTION": null, "PRINCIPAL_SATISFACTION_reason": null, "CARETAKER_SATISFACTION": null, "CARETAKER_SATISFACTION_reason": null, "TEACHER_COMMUNICATION_RATING": null, "TEACHER_COMMUNICATION_RATING_reason": null,...
2026-04-30 14:49:51,253 -   📈 Progress: 1000/1491 (67.1%)
2026-04-30 14:49:51,255 - 
📦 Processing batch 2 (491 sessions)...
2026-04-30 14:49:51,255 -   📥 Fetching message chunks from DB...
2026-04-30 14:49:51,754 -   ⚡ Extracting semantics with 8 processes...
2026-04-30 14:49:53,714 -   🔍 Fetching user profiles/location data...
2026-04-30 14:49:53,777 -   📤 Saving results to database...
2026-04-30 14:49:53,861 -   ✅ [Session yvyxc8g6wibzwkm1tu1bupay3n9fh57e] {"EDUCATION_QUALITY_RATING": 5, "EDUCATION_QUALITY_RATING_reason": null, "PRINCIPAL_SATISFACTION": 5, "PRINCIPAL_SATISFACTION_reason": null, "CARETAKER_SATISFACTION": 5, "CARETAKER_SATISFACTION_reason": null, "TEACHER_COMMUNICATION_RATING": 5, "TEACHER_COMMUNICATION_RATING_reason": null, "DRINKING_W...
2026-04-30 14:49:53,861 -   📈 Progress: 1491/1491 (100.0%)
2026-04-30 14:49:56,170 - 
✨ Operation Complete. Processed 1491 sessions.
